create table issue678
(
    id          integer                not null generated by default as identity,
    name        character varying(250) not null,
    description text,
    primary key (id),
    constraint unique_name unique (name)
);
create index idxissue678 on issue678 using zombodb ((issue678.*)) with (url = 'http://localhost:9200/');
insert into issue678 (name, description)
select 'test' || numb::text, 'test value ' || numb::text
from generate_series(1, 100) gs (numb);
explain (costs off) select * from issue678 as t where t ==> 'test' order by t.name, t.id limit 1;
                                        QUERY PLAN                                        
------------------------------------------------------------------------------------------
 Limit
   ->  Sort
         Sort Key: name, id
         ->  Bitmap Heap Scan on issue678 t
               Recheck Cond: (ctid ==> '{"query_string":{"query":"test"}}'::zdbquery)
               ->  Bitmap Index Scan on idxissue678
                     Index Cond: (ctid ==> '{"query_string":{"query":"test"}}'::zdbquery)
(7 rows)

select * from issue678 as t where t ==> 'test' order by t.name, t.id limit 1;
 id | name  | description  
----+-------+--------------
  1 | test1 | test value 1
(1 row)

drop table issue678;
