CREATE TABLE bad_index (
    id int,
    title text
);
CREATE INDEX idxbad_index ON bad_index USING zombodb (id, title);
ERROR:  type integer is not composite
CREATE INDEX idxbad_index ON bad_index USING zombodb (id);
ERROR:  type integer is not composite
CREATE INDEX idxbad_index ON bad_index USING zombodb (to_ascii(title));
ERROR:  type text is not composite
CREATE INDEX idxbad_index ON bad_index USING zombodb((bad_index.*)) WHERE id > 0;
ERROR:  ZomboDB indices cannot contain WHERE clauses
CREATE INDEX idxgood_index ON bad_index USING zombodb((bad_index.*));
CREATE INDEX idxsecond_index ON bad_index USING zombodb((bad_index.*));
ERROR:  Relations can only have one non-shadow ZomboDB index
DROP TABLE bad_index CASCADE;
