select zdb.highlight(ctid, 'payload.commits.message') from events where events ==> 'payload.commits.message:*beer*' order by id limit 10;
                                                                highlight                                                                
-----------------------------------------------------------------------------------------------------------------------------------------
 {"<em>format tweaking, added beer</em>"}
 {"<em>format tweaking, added beer</em>"}
 {"<em>format tweaking, added beer</em>"}
 {"<em>format tweaking, added beer</em>"}
 {"<em>formatting beer fields</em>"}
 {"<em>hauler bugfix for hauler bugfix :beers:</em>"}
 {"<em>dont get brewery_guid from beers_t when it's not needed</em>","<em>more useful beers getall and get integration test cases</em>"}
 {"<em>adjusting show view for beer</em>"}
 {"<em>fixing search beer</em>"}
 {"<em>refactoring beer search</em>"}
(10 rows)

set enable_indexscan to off;
set enable_bitmapscan to off;
select zdb.highlight(ctid, 'payload.commits.message') from events where events ==> 'payload.commits.message:*beer*' order by id limit 10;
                                                                highlight                                                                
-----------------------------------------------------------------------------------------------------------------------------------------
 {"<em>format tweaking, added beer</em>"}
 {"<em>format tweaking, added beer</em>"}
 {"<em>format tweaking, added beer</em>"}
 {"<em>format tweaking, added beer</em>"}
 {"<em>formatting beer fields</em>"}
 {"<em>hauler bugfix for hauler bugfix :beers:</em>"}
 {"<em>dont get brewery_guid from beers_t when it's not needed</em>","<em>more useful beers getall and get integration test cases</em>"}
 {"<em>adjusting show view for beer</em>"}
 {"<em>fixing search beer</em>"}
 {"<em>refactoring beer search</em>"}
(10 rows)

